
i817@3100lap89 MINGW64 ~
$ cd /d/dev

i817@3100lap89 MINGW64 /d/dev
$ pwd
/d/dev

i817@3100lap89 MINGW64 /d/dev
$ cd p5/

i817@3100lap89 MINGW64 /d/dev/p5
$ cd p5gg/

i817@3100lap89 MINGW64 /d/dev/p5/p5gg
$ GIT COMMIT
fatal: cannot handle COMMIT as a builtin

i817@3100lap89 MINGW64 /d/dev/p5/p5gg
$ git clone https://github.com/ggatziou/p5gg.git
Cloning into 'p5gg'...
remote: Enumerating objects: 3, done.
remote: Counting objects: 100% (3/3), done.
remote: Total 3 (delta 0), reused 0 (delta 0), pack-reused 0
Unpacking objects: 100% (3/3), done.

i817@3100lap89 MINGW64 /d/dev/p5/p5gg
$ ^C

i817@3100lap89 MINGW64 /d/dev/p5/p5gg
$ git status
fatal: Unable to read current working directory: No such file or directory

i817@3100lap89 MINGW64 /d/dev/p5/p5gg
$ cd ..

i817@3100lap89 MINGW64 /d/dev/p5
$ cd github/p5gg/

i817@3100lap89 MINGW64 /d/dev/p5/github/p5gg (master)
$ git status
On branch master
Your branch is up to date with 'origin/master'.

Untracked files:
  (use "git add <file>..." to include in what will be committed)
        command line.txt

nothing added to commit but untracked files present (use "git add" to track)

i817@3100lap89 MINGW64 /d/dev/p5/github/p5gg (master)
$ git commit -a -m "initial commit with commands"
On branch master
Your branch is up to date with 'origin/master'.

Untracked files:
        command line.txt

nothing added to commit but untracked files present

i817@3100lap89 MINGW64 /d/dev/p5/github/p5gg (master)
$ git config --list
core.symlinks=false
core.autocrlf=true
core.fscache=true
color.diff=auto
color.status=auto
color.branch=auto
color.interactive=true
help.format=html
rebase.autosquash=true
http.sslcainfo=C:/Program Files/Git/mingw64/ssl/certs/ca-bundle.crt
http.sslbackend=openssl
diff.astextplain.textconv=astextplain
filter.lfs.clean=git-lfs clean -- %f
filter.lfs.smudge=git-lfs smudge --skip -- %f
filter.lfs.process=git-lfs filter-process --skip
filter.lfs.required=true
credential.helper=manager
core.repositoryformatversion=0
core.filemode=false
core.bare=false
core.logallrefupdates=true
core.symlinks=false
core.ignorecase=true
remote.origin.url=https://github.com/ggatziou/p5gg.git
remote.origin.fetch=+refs/heads/*:refs/remotes/origin/*
branch.master.remote=origin
branch.master.merge=refs/heads/master

i817@3100lap89 MINGW64 /d/dev/p5/github/p5gg (master)
$ git config --global user.name "George Gatziouras"

i817@3100lap89 MINGW64 /d/dev/p5/github/p5gg (master)
$ git config --global user.email "ggatziou@gmail.com"

i817@3100lap89 MINGW64 /d/dev/p5/github/p5gg (master)
$ git config --list
core.symlinks=false
core.autocrlf=true
core.fscache=true
color.diff=auto
color.status=auto
color.branch=auto
color.interactive=true
help.format=html
rebase.autosquash=true
http.sslcainfo=C:/Program Files/Git/mingw64/ssl/certs/ca-bundle.crt
http.sslbackend=openssl
diff.astextplain.textconv=astextplain
filter.lfs.clean=git-lfs clean -- %f
filter.lfs.smudge=git-lfs smudge --skip -- %f
filter.lfs.process=git-lfs filter-process --skip
filter.lfs.required=true
credential.helper=manager
user.name=George Gatziouras
user.email=ggatziou@gmail.com
core.repositoryformatversion=0
core.filemode=false
core.bare=false
core.logallrefupdates=true
core.symlinks=false
core.ignorecase=true
remote.origin.url=https://github.com/ggatziou/p5gg.git
remote.origin.fetch=+refs/heads/*:refs/remotes/origin/*
branch.master.remote=origin
branch.master.merge=refs/heads/master

i817@3100lap89 MINGW64 /d/dev/p5/github/p5gg (master)
$ git status
On branch master
Your branch is up to date with 'origin/master'.

Untracked files:
  (use "git add <file>..." to include in what will be committed)
        command line.txt

nothing added to commit but untracked files present (use "git add" to track)

i817@3100lap89 MINGW64 /d/dev/p5/github/p5gg (master)
$ git commit command\ line.txt
error: pathspec 'command line.txt' did not match any file(s) known to git

i817@3100lap89 MINGW64 /d/dev/p5/github/p5gg (master)
$ git add command\ line.txt

i817@3100lap89 MINGW64 /d/dev/p5/github/p5gg (master)
$ git commit command\ line.txt
Aborting commit due to empty commit message.

i817@3100lap89 MINGW64 /d/dev/p5/github/p5gg (master)
$ git status
On branch master
Your branch is up to date with 'origin/master'.

Changes to be committed:
  (use "git restore --staged <file>..." to unstage)
        new file:   command line.txt


i817@3100lap89 MINGW64 /d/dev/p5/github/p5gg (master)
$ git log -2
commit 0fda73a224f85f00c3a37afa6c165556a040d7fb (HEAD -> master, origin/master, origin/HEAD)
Author: George Gatziouras <ggatziou@gmail.com>
Date:   Thu Oct 24 10:52:23 2019 +0300

    Initial commit

i817@3100lap89 MINGW64 /d/dev/p5/github/p5gg (master)
$ git status
On branch master
Your branch is up to date with 'origin/master'.

Changes to be committed:
  (use "git restore --staged <file>..." to unstage)
        new file:   command line.txt


i817@3100lap89 MINGW64 /d/dev/p5/github/p5gg (master)
$ git push remote master
fatal: 'remote' does not appear to be a git repository
fatal: Could not read from remote repository.

Please make sure you have the correct access rights
and the repository exists.

i817@3100lap89 MINGW64 /d/dev/p5/github/p5gg (master)
$ git push origin master
Everything up-to-date

i817@3100lap89 MINGW64 /d/dev/p5/github/p5gg (master)
$ git remote
origin

i817@3100lap89 MINGW64 /d/dev/p5/github/p5gg (master)
$ git remote -v
origin  https://github.com/ggatziou/p5gg.git (fetch)
origin  https://github.com/ggatziou/p5gg.git (push)

i817@3100lap89 MINGW64 /d/dev/p5/github/p5gg (master)
$ git status
On branch master
Your branch is up to date with 'origin/master'.

Changes to be committed:
  (use "git restore --staged <file>..." to unstage)
        new file:   command line.txt


i817@3100lap89 MINGW64 /d/dev/p5/github/p5gg (master)
$ git config --list
core.symlinks=false
core.autocrlf=true
core.fscache=true
color.diff=auto
color.status=auto
color.branch=auto
color.interactive=true
help.format=html
rebase.autosquash=true
http.sslcainfo=C:/Program Files/Git/mingw64/ssl/certs/ca-bundle.crt
http.sslbackend=openssl
diff.astextplain.textconv=astextplain
filter.lfs.clean=git-lfs clean -- %f
filter.lfs.smudge=git-lfs smudge --skip -- %f
filter.lfs.process=git-lfs filter-process --skip
filter.lfs.required=true
credential.helper=manager
user.name=George Gatziouras
user.email=ggatziou@gmail.com
core.repositoryformatversion=0
core.filemode=false
core.bare=false
core.logallrefupdates=true
core.symlinks=false
core.ignorecase=true
remote.origin.url=https://github.com/ggatziou/p5gg.git
remote.origin.fetch=+refs/heads/*:refs/remotes/origin/*
branch.master.remote=origin
branch.master.merge=refs/heads/master

i817@3100lap89 MINGW64 /d/dev/p5/github/p5gg (master)
$ git config remote,origin.url "ggatziou:g14s1gas@https://github.com/ggatziou/p5gg.git"
error: invalid key: remote,origin.url

i817@3100lap89 MINGW64 /d/dev/p5/github/p5gg (master)
$ git config remote.origin.url "ggatziou:g14s1gas@https://github.com/ggatziou/p5gg.git"

i817@3100lap89 MINGW64 /d/dev/p5/github/p5gg (master)
$ git config --list
core.symlinks=false
core.autocrlf=true
core.fscache=true
color.diff=auto
color.status=auto
color.branch=auto
color.interactive=true
help.format=html
rebase.autosquash=true
http.sslcainfo=C:/Program Files/Git/mingw64/ssl/certs/ca-bundle.crt
http.sslbackend=openssl
diff.astextplain.textconv=astextplain
filter.lfs.clean=git-lfs clean -- %f
filter.lfs.smudge=git-lfs smudge --skip -- %f
filter.lfs.process=git-lfs filter-process --skip
filter.lfs.required=true
credential.helper=manager
user.name=George Gatziouras
user.email=ggatziou@gmail.com
core.repositoryformatversion=0
core.filemode=false
core.bare=false
core.logallrefupdates=true
core.symlinks=false
core.ignorecase=true
remote.origin.url=ggatziou:g14s1gas@https://github.com/ggatziou/p5gg.git
remote.origin.fetch=+refs/heads/*:refs/remotes/origin/*
branch.master.remote=origin
branch.master.merge=refs/heads/master

i817@3100lap89 MINGW64 /d/dev/p5/github/p5gg (master)
$ git push origin master
fatal: protocol 'ggatziou:g14s1gas@https' is not supported

i817@3100lap89 MINGW64 /d/dev/p5/github/p5gg (master)
$ git config remote.origin.url "https://github.com/ggatziou/p5gg.git"

i817@3100lap89 MINGW64 /d/dev/p5/github/p5gg (master)
$ git push origin master
Everything up-to-date


i817@3100lap89 MINGW64 /d/dev/p5/github/p5gg (master)
$
